---
source: sonda-core/tests/compile_snapshot.rs
expression: prepared_view(&prepared)
---
[
  {
    "bursts": null,
    "cardinality_spikes": null,
    "clock_group": null,
    "duration": "30s",
    "dynamic_labels": null,
    "encoder": {
      "type": "prometheus_text",
      "precision": null
    },
    "gaps": null,
    "generator": {
      "type": "sine",
      "amplitude": 50.0,
      "period_secs": 60.0,
      "offset": 100.0
    },
    "jitter": null,
    "jitter_seed": null,
    "labels": {
      "hostname": "router-01",
      "interface": "eth0"
    },
    "name": "interface_traffic",
    "phase_offset": null,
    "rate": 10.0,
    "signal_type": "metrics",
    "sink": {
      "type": "stdout"
    },
    "start_delay_ms": null
  }
]
